// Jest Snapshot v1, https://goo.gl/fbAQLP

exports[`S3TransferUtility collects the files 1`] = `
[
  "dir1/.touch",
  "dir2/dir21/dir211/some211-1.json",
  "dir2/dir21/dir211/some211-2.json",
  "dir2/dir21/some21.json",
  "dir2/dir22/some22.json",
  "some.json",
]
`;
